// Jest Snapshot v1, https://goo.gl/fbAQLP

exports[`identify formats the advance matching parameters in a way that matches the snapshot 1`] = `
[
  "init",
  "pixelId",
  {
    "country": "gb",
    "ct": "city",
    "db": 19900101,
    "em": "test@gmail.com",
    "external_id": "userID",
    "fn": "firstname",
    "ge": "m",
    "ln": "lastname",
    "ph": 447111111111,
    "st": "london",
    "zp": "SW11 111",
  },
]
`;

exports[`page calls the correct facebook track method 1`] = `
[
  "track",
  "PageView",
]
`;

exports[`track calls the facebook track method with parameters matching the snapshot 1`] = `
[
  "track",
  "Purchase",
  {
    "currency": "GBP",
    "order_id": "orderID",
    "products": [
      {
        "category": "Trip",
        "currency": "GBP",
        "image_url": "http://example.com/image.jpg",
        "name": "Product Name",
        "price": 100,
        "product_id": "productID",
        "quantity": 1,
        "sku": "sku",
        "url": "http://example.com/productID",
        "variant": "variant",
      },
    ],
    "revenue": 100,
    "total": 200,
  },
]
`;

exports[`track calls the facebook trackCustom method with parameters matching the snapshot 1`] = `
[
  "trackCustom",
  "Test Event",
  {
    "iceCream": "vanilla",
  },
]
`;
